// Jest Snapshot v1, https://goo.gl/fbAQLP

exports[`Eexercises (e2e)  returns historical activities exercises/user/activity [Get] 1`] = `
Object {
  "activities": Array [
    Object {
      "activityID": 1,
      "durationInMinutes": 500,
      "exerciseID": 2,
      "isDone": true,
      "name": "Badbinton",
      "start": "2022-04-12T10:49:12.089Z",
      "userID": 10,
    },
    Object {
      "activityID": 2,
      "durationInMinutes": 500,
      "exerciseID": 2,
      "isDone": true,
      "name": "Badbinton",
      "start": "2022-04-12T10:49:12.089Z",
      "userID": 10,
    },
    Object {
      "activityID": 3,
      "durationInMinutes": 500,
      "exerciseID": 2,
      "isDone": true,
      "name": "Badbinton",
      "start": "2022-04-12T10:49:12.089Z",
      "userID": 10,
    },
    Object {
      "activityID": 4,
      "durationInMinutes": 500,
      "exerciseID": 2,
      "isDone": true,
      "name": "Badbinton",
      "start": "2022-04-12T10:49:12.089Z",
      "userID": 10,
    },
    Object {
      "activityID": 5,
      "durationInMinutes": 600,
      "exerciseID": 2,
      "isDone": true,
      "name": "Badbinton",
      "start": "2022-04-12T10:49:12.089Z",
      "userID": 10,
    },
    Object {
      "activityID": 6,
      "durationInMinutes": 600,
      "exerciseID": 2,
      "isDone": true,
      "name": "Badbinton",
      "start": "2022-04-12T10:49:12.089Z",
      "userID": 10,
    },
    Object {
      "activityID": 7,
      "durationInMinutes": 600,
      "exerciseID": 2,
      "isDone": true,
      "name": "Badbinton",
      "start": "2022-04-12T10:49:12.089Z",
      "userID": 10,
    },
    Object {
      "activityID": 8,
      "durationInMinutes": 30,
      "exerciseID": 2,
      "isDone": false,
      "name": "Bieganie",
      "start": "2022-04-15T07:57:08.960Z",
      "userID": 10,
    },
    Object {
      "activityID": 9,
      "durationInMinutes": 30,
      "exerciseID": 2,
      "isDone": false,
      "name": "Bieganie",
      "start": "2022-04-15T07:58:52.860Z",
      "userID": 10,
    },
    Object {
      "activityID": 10,
      "durationInMinutes": 30,
      "exerciseID": 2,
      "isDone": false,
      "name": "Bieganie",
      "start": "2022-04-15T08:00:33.623Z",
      "userID": 10,
    },
    Object {
      "activityID": 11,
      "durationInMinutes": 30,
      "exerciseID": 2,
      "isDone": false,
      "name": "Bieganie",
      "start": "2022-04-15T08:11:23.418Z",
      "userID": 10,
    },
    Object {
      "activityID": 12,
      "durationInMinutes": 30,
      "exerciseID": 2,
      "isDone": false,
      "name": "Bieganie",
      "start": "2022-04-15T08:11:57.374Z",
      "userID": 10,
    },
    Object {
      "activityID": 13,
      "durationInMinutes": 30,
      "exerciseID": 2,
      "isDone": false,
      "name": "Bieganie",
      "start": "2022-04-15T08:12:13.309Z",
      "userID": 10,
    },
    Object {
      "activityID": 14,
      "durationInMinutes": 30,
      "exerciseID": 2,
      "isDone": false,
      "name": "Bieganie",
      "start": "2022-04-15T08:12:41.759Z",
      "userID": 10,
    },
    Object {
      "activityID": 15,
      "durationInMinutes": 30,
      "exerciseID": 2,
      "isDone": false,
      "name": "Bieganie",
      "start": "2022-04-15T08:28:09.255Z",
      "userID": 10,
    },
    Object {
      "activityID": 16,
      "durationInMinutes": 30,
      "exerciseID": 2,
      "isDone": false,
      "name": "Bieganie",
      "start": "2022-04-15T08:29:50.720Z",
      "userID": 10,
    },
    Object {
      "activityID": 17,
      "durationInMinutes": 30,
      "exerciseID": 2,
      "isDone": false,
      "name": "Bieganie",
      "start": "2022-04-15T08:34:49.956Z",
      "userID": 10,
    },
    Object {
      "activityID": 18,
      "durationInMinutes": 30,
      "exerciseID": 2,
      "isDone": false,
      "name": "Bieganie",
      "start": "2022-04-15T08:36:19.544Z",
      "userID": 10,
    },
    Object {
      "activityID": 19,
      "durationInMinutes": 30,
      "exerciseID": 2,
      "isDone": false,
      "name": "Bieganie",
      "start": "2022-04-15T08:37:46.724Z",
      "userID": 10,
    },
    Object {
      "activityID": 20,
      "durationInMinutes": 30,
      "exerciseID": 2,
      "isDone": false,
      "name": "Bieganie",
      "start": "2022-04-15T08:39:10.693Z",
      "userID": 10,
    },
    Object {
      "activityID": 21,
      "durationInMinutes": 30,
      "exerciseID": 2,
      "isDone": false,
      "name": "Bieganie",
      "start": "2022-04-15T08:41:34.614Z",
      "userID": 10,
    },
  ],
  "caloriesToBurgers": 722,
  "totalCalories": 472993,
  "totalDuration": 4220,
}
`;
